
> ne-connect@0.1.0 build
> next build

▲ Next.js 16.1.6 (Turbopack)
- Environments: .env

⚠ The "middleware" file convention is deprecated. Please use "proxy" instead. Learn more: https://nextjs.org/docs/messages/middleware-to-proxy
  Creating an optimized production build ...
✓ Compiled successfully in 4.3s
  Running TypeScript ...
  Collecting page data using 7 workers ...
  Generating static pages using 7 workers (0/58) ...
  Generating static pages using 7 workers (14/58) 
  Generating static pages using 7 workers (28/58) 
  Generating static pages using 7 workers (43/58) 
Error occurred prerendering page "/". Read more: https://nextjs.org/docs/messages/prerender-error
ReferenceError: Loader2 is not defined
    at po (.next/server/chunks/ssr/[root-of-the-server]__1537e32f._.js:1197:30037) {
  digest: '2441025243'
}
Export encountered an error on /page: /, exiting the build.
⨯ Next.js build worker exited with code: 1 and signal: null
